// Jest Snapshot v1, https://goo.gl/fbAQLP

exports[`Rss Feed Component snapshot of rssFeed 1`] = `
<div
  className="rssFeed"
>
  <div
    className="sourcesPanel"
  >
    <SourcesPanel />
  </div>
  <div
    className="articlesPanel"
  >
    <ArticlesPanel />
  </div>
  <div
    className="filtersPanel"
  >
    <FiltersPanel />
  </div>
  <div
    className="loginButton"
  >
    <GooglePlusLogin />
  </div>
  <div
    classname="headerPanel"
  >
    <HeaderPanel />
  </div>
</div>
`;
