// Jest Snapshot v1, https://goo.gl/fbAQLP

exports[`Sources Panel Component snapshot of SourcePanel 1`] = `
<div>
  <div
    style={
      Object {
        "height": "1000px",
        "position": "relative",
      }
    }
  >
    <Layout
      fixedDrawer={true}
    >
      <Drawer
        title="SOURCES"
      >
        <Navigation>
          <div
            id="loading"
          >
            Loading...
          </div>
        </Navigation>
      </Drawer>
    </Layout>
  </div>
</div>
`;
